[[1, 2], [1, 3], [1, 4], [2, 1], [2, 2], [2, 3], [2, 4], [3, 1], [3, 2], [3, 3], [3, 4], [4, 1], [4, 2], [4, 3], [4, 4], [5, 1], [5, 2], [5, 3], [5, 4], [6, 1], [6, 2], [6, 3], [6, 4], [7, 1], [7, 2], [7, 3], [7, 4], [8, 1], [8, 2], [8, 3], [8, 4], [9, 1], [9, 2], [9, 3], [9, 4], [10, 1], [10, 2], [10, 3], [10, 4], [11, 1], [11, 2], [11, 3], [11, 4], [12, 1], [12, 2], [12, 3], [12, 4], [1, 1]]
after f1 relu f2
tensor([[[ 0.5900,  0.5551,  0.5824,  ...,  0.5339,  0.5339,  0.5339],
         [-0.1758, -0.1879, -0.1416,  ..., -0.1687, -0.1687, -0.1687],
         [-0.0242, -0.0261, -0.0585,  ..., -0.0286, -0.0286, -0.0286],
         ...,
         [ 0.0810,  0.1274,  0.1227,  ...,  0.1722,  0.1722,  0.1722],
         [ 0.3387,  0.3718,  0.3974,  ...,  0.4783,  0.4783,  0.4783],
         [ 1.1562,  1.1642,  1.1839,  ...,  1.1895,  1.1895,  1.1895]]],
       grad_fn=<ConvolutionBackward0>)
after layernorm
tensor([[[ 1.2475e+00,  4.6926e-01,  1.0777e+00,  ..., -1.4380e-03,
          -1.4380e-03, -1.4380e-03],
         [-4.9519e-01, -7.7045e-01,  2.8068e-01,  ..., -3.3444e-01,
          -3.3444e-01, -3.3444e-01],
         [-3.0551e-01, -3.5230e-01, -1.1610e+00,  ..., -4.1430e-01,
          -4.1430e-01, -4.1430e-01],
         ...,
         [-2.2075e+00, -1.3579e+00, -1.4436e+00,  ..., -5.3659e-01,
          -5.3659e-01, -5.3659e-01],
         [-2.3575e+00, -1.6262e+00, -1.0617e+00,  ...,  7.2386e-01,
           7.2386e-01,  7.2386e-01],
         [-1.1083e+00, -8.5527e-01, -2.2884e-01,  ..., -4.9020e-02,
          -4.9020e-02, -4.9020e-02]]], grad_fn=<NativeLayerNormBackward0>)
after permute
tensor([[[ 1.2475e+00, -4.9519e-01, -3.0551e-01,  ..., -2.2075e+00,
          -2.3575e+00, -1.1083e+00]],

        [[ 4.6926e-01, -7.7045e-01, -3.5230e-01,  ..., -1.3579e+00,
          -1.6262e+00, -8.5527e-01]],

        [[ 1.0777e+00,  2.8068e-01, -1.1610e+00,  ..., -1.4436e+00,
          -1.0617e+00, -2.2884e-01]],

        ...,

        [[-1.4380e-03, -3.3444e-01, -4.1430e-01,  ..., -5.3659e-01,
           7.2386e-01, -4.9020e-02]],

        [[-1.4380e-03, -3.3444e-01, -4.1430e-01,  ..., -5.3659e-01,
           7.2386e-01, -4.9020e-02]],

        [[-1.4380e-03, -3.3444e-01, -4.1430e-01,  ..., -5.3659e-01,
           7.2386e-01, -4.9020e-02]]], grad_fn=<PermuteBackward0>)
before layer tensor([[[ 1.2475e+00, -4.9519e-01, -3.0551e-01,  ..., -2.2075e+00,
          -2.3575e+00, -1.1083e+00]],

        [[ 4.6926e-01, -7.7045e-01, -3.5230e-01,  ..., -1.3579e+00,
          -1.6262e+00, -8.5527e-01]],

        [[ 1.0777e+00,  2.8068e-01, -1.1610e+00,  ..., -1.4436e+00,
          -1.0617e+00, -2.2884e-01]],

        ...,

        [[-1.4380e-03, -3.3444e-01, -4.1430e-01,  ..., -5.3659e-01,
           7.2386e-01, -4.9020e-02]],

        [[-1.4380e-03, -3.3444e-01, -4.1430e-01,  ..., -5.3659e-01,
           7.2386e-01, -4.9020e-02]],

        [[-1.4380e-03, -3.3444e-01, -4.1430e-01,  ..., -5.3659e-01,
           7.2386e-01, -4.9020e-02]]], grad_fn=<PermuteBackward0>)
before sa_block:  tensor([[[ 1.2475e+00, -4.9519e-01, -3.0551e-01,  ..., -2.2075e+00,
          -2.3575e+00, -1.1083e+00]],

        [[ 4.6926e-01, -7.7045e-01, -3.5230e-01,  ..., -1.3579e+00,
          -1.6262e+00, -8.5527e-01]],

        [[ 1.0777e+00,  2.8068e-01, -1.1610e+00,  ..., -1.4436e+00,
          -1.0617e+00, -2.2884e-01]],

        ...,

        [[-1.4380e-03, -3.3444e-01, -4.1430e-01,  ..., -5.3659e-01,
           7.2386e-01, -4.9020e-02]],

        [[-1.4380e-03, -3.3444e-01, -4.1430e-01,  ..., -5.3659e-01,
           7.2386e-01, -4.9020e-02]],

        [[-1.4380e-03, -3.3444e-01, -4.1430e-01,  ..., -5.3659e-01,
           7.2386e-01, -4.9020e-02]]], grad_fn=<PermuteBackward0>)
query:  torch.Size([48, 1, 256]) tensor([[[ 1.2475e+00, -4.9519e-01, -3.0551e-01,  ..., -2.2075e+00,
          -2.3575e+00, -1.1083e+00]],

        [[ 4.6926e-01, -7.7045e-01, -3.5230e-01,  ..., -1.3579e+00,
          -1.6262e+00, -8.5527e-01]],

        [[ 1.0777e+00,  2.8068e-01, -1.1610e+00,  ..., -1.4436e+00,
          -1.0617e+00, -2.2884e-01]],

        ...,

        [[-1.4380e-03, -3.3444e-01, -4.1430e-01,  ..., -5.3659e-01,
           7.2386e-01, -4.9020e-02]],

        [[-1.4380e-03, -3.3444e-01, -4.1430e-01,  ..., -5.3659e-01,
           7.2386e-01, -4.9020e-02]],

        [[-1.4380e-03, -3.3444e-01, -4.1430e-01,  ..., -5.3659e-01,
           7.2386e-01, -4.9020e-02]]], grad_fn=<PermuteBackward0>)
key:  tensor([[[ 1.2475e+00, -4.9519e-01, -3.0551e-01,  ..., -2.2075e+00,
          -2.3575e+00, -1.1083e+00]],

        [[ 4.6926e-01, -7.7045e-01, -3.5230e-01,  ..., -1.3579e+00,
          -1.6262e+00, -8.5527e-01]],

        [[ 1.0777e+00,  2.8068e-01, -1.1610e+00,  ..., -1.4436e+00,
          -1.0617e+00, -2.2884e-01]],

        ...,

        [[-1.4380e-03, -3.3444e-01, -4.1430e-01,  ..., -5.3659e-01,
           7.2386e-01, -4.9020e-02]],

        [[-1.4380e-03, -3.3444e-01, -4.1430e-01,  ..., -5.3659e-01,
           7.2386e-01, -4.9020e-02]],

        [[-1.4380e-03, -3.3444e-01, -4.1430e-01,  ..., -5.3659e-01,
           7.2386e-01, -4.9020e-02]]], grad_fn=<PermuteBackward0>)
value:  tensor([[[ 1.2475e+00, -4.9519e-01, -3.0551e-01,  ..., -2.2075e+00,
          -2.3575e+00, -1.1083e+00]],

        [[ 4.6926e-01, -7.7045e-01, -3.5230e-01,  ..., -1.3579e+00,
          -1.6262e+00, -8.5527e-01]],

        [[ 1.0777e+00,  2.8068e-01, -1.1610e+00,  ..., -1.4436e+00,
          -1.0617e+00, -2.2884e-01]],

        ...,

        [[-1.4380e-03, -3.3444e-01, -4.1430e-01,  ..., -5.3659e-01,
           7.2386e-01, -4.9020e-02]],

        [[-1.4380e-03, -3.3444e-01, -4.1430e-01,  ..., -5.3659e-01,
           7.2386e-01, -4.9020e-02]],

        [[-1.4380e-03, -3.3444e-01, -4.1430e-01,  ..., -5.3659e-01,
           7.2386e-01, -4.9020e-02]]], grad_fn=<PermuteBackward0>)
batched:  False True
self_attn
sa block, after sa_block (not norm_first):  tensor([[[ 0.2974, -0.4167,  0.0108,  ...,  0.0615,  0.6734,  0.2001]],

        [[ 0.2327, -0.3961,  0.1777,  ..., -0.0586,  0.7599,  0.2930]],

        [[ 0.2583, -0.5494,  0.0688,  ..., -0.2374,  0.7828,  0.4063]],

        ...,

        [[ 0.2240, -0.2662,  0.5834,  ..., -0.2262,  0.4555,  0.3834]],

        [[ 0.2240, -0.2662,  0.5834,  ..., -0.2262,  0.4555,  0.3834]],

        [[ 0.2240, -0.2662,  0.5834,  ..., -0.2262,  0.4555,  0.3834]]],
       grad_fn=<ViewBackward0>)
x + sa_block, after norm1 (not norm_first):  tensor([[[ 1.2792, -0.8411, -0.2979,  ..., -1.8787, -1.5130, -0.7957]],

        [[ 0.5549, -1.1101, -0.2188,  ..., -1.3132, -0.8456, -0.5363]],

        [[ 1.4097, -0.2932, -1.1472,  ..., -1.7529, -0.2920,  0.2135]],

        ...,

        [[ 0.2041, -0.6292,  0.1569,  ..., -0.7703,  1.1773,  0.3381]],

        [[ 0.2041, -0.6292,  0.1569,  ..., -0.7703,  1.1773,  0.3381]],

        [[ 0.2041, -0.6292,  0.1569,  ..., -0.7703,  1.1773,  0.3381]]],
       grad_fn=<NativeLayerNormBackward0>)
before linear 2
after linear 2
after norm2 (not norm_first):  tensor([[[ 0.5116, -2.4157, -0.4503,  ..., -1.5497, -0.7442, -0.1103]],

        [[ 0.1693, -2.3443, -0.4350,  ..., -1.1986, -0.2771,  0.0104]],

        [[ 0.6841, -1.5007, -0.9639,  ..., -1.7175, -0.1632,  0.4592]],

        ...,

        [[-0.2912, -0.9681, -0.5227,  ..., -0.5314,  1.0028,  0.2154]],

        [[-0.2912, -0.9681, -0.5227,  ..., -0.5314,  1.0028,  0.2154]],

        [[-0.2912, -0.9681, -0.5227,  ..., -0.5314,  1.0028,  0.2154]]],
       grad_fn=<NativeLayerNormBackward0>)
after layer: 0 tensor([[[ 0.5116, -2.4157, -0.4503,  ..., -1.5497, -0.7442, -0.1103]],

        [[ 0.1693, -2.3443, -0.4350,  ..., -1.1986, -0.2771,  0.0104]],

        [[ 0.6841, -1.5007, -0.9639,  ..., -1.7175, -0.1632,  0.4592]],

        ...,

        [[-0.2912, -0.9681, -0.5227,  ..., -0.5314,  1.0028,  0.2154]],

        [[-0.2912, -0.9681, -0.5227,  ..., -0.5314,  1.0028,  0.2154]],

        [[-0.2912, -0.9681, -0.5227,  ..., -0.5314,  1.0028,  0.2154]]],
       grad_fn=<NativeLayerNormBackward0>)
before sa_block:  tensor([[[ 0.5116, -2.4157, -0.4503,  ..., -1.5497, -0.7442, -0.1103]],

        [[ 0.1693, -2.3443, -0.4350,  ..., -1.1986, -0.2771,  0.0104]],

        [[ 0.6841, -1.5007, -0.9639,  ..., -1.7175, -0.1632,  0.4592]],

        ...,

        [[-0.2912, -0.9681, -0.5227,  ..., -0.5314,  1.0028,  0.2154]],

        [[-0.2912, -0.9681, -0.5227,  ..., -0.5314,  1.0028,  0.2154]],

        [[-0.2912, -0.9681, -0.5227,  ..., -0.5314,  1.0028,  0.2154]]],
       grad_fn=<NativeLayerNormBackward0>)
query:  torch.Size([48, 1, 256]) tensor([[[ 0.5116, -2.4157, -0.4503,  ..., -1.5497, -0.7442, -0.1103]],

        [[ 0.1693, -2.3443, -0.4350,  ..., -1.1986, -0.2771,  0.0104]],

        [[ 0.6841, -1.5007, -0.9639,  ..., -1.7175, -0.1632,  0.4592]],

        ...,

        [[-0.2912, -0.9681, -0.5227,  ..., -0.5314,  1.0028,  0.2154]],

        [[-0.2912, -0.9681, -0.5227,  ..., -0.5314,  1.0028,  0.2154]],

        [[-0.2912, -0.9681, -0.5227,  ..., -0.5314,  1.0028,  0.2154]]],
       grad_fn=<NativeLayerNormBackward0>)
key:  tensor([[[ 0.5116, -2.4157, -0.4503,  ..., -1.5497, -0.7442, -0.1103]],

        [[ 0.1693, -2.3443, -0.4350,  ..., -1.1986, -0.2771,  0.0104]],

        [[ 0.6841, -1.5007, -0.9639,  ..., -1.7175, -0.1632,  0.4592]],

        ...,

        [[-0.2912, -0.9681, -0.5227,  ..., -0.5314,  1.0028,  0.2154]],

        [[-0.2912, -0.9681, -0.5227,  ..., -0.5314,  1.0028,  0.2154]],

        [[-0.2912, -0.9681, -0.5227,  ..., -0.5314,  1.0028,  0.2154]]],
       grad_fn=<NativeLayerNormBackward0>)
value:  tensor([[[ 0.5116, -2.4157, -0.4503,  ..., -1.5497, -0.7442, -0.1103]],

        [[ 0.1693, -2.3443, -0.4350,  ..., -1.1986, -0.2771,  0.0104]],

        [[ 0.6841, -1.5007, -0.9639,  ..., -1.7175, -0.1632,  0.4592]],

        ...,

        [[-0.2912, -0.9681, -0.5227,  ..., -0.5314,  1.0028,  0.2154]],

        [[-0.2912, -0.9681, -0.5227,  ..., -0.5314,  1.0028,  0.2154]],

        [[-0.2912, -0.9681, -0.5227,  ..., -0.5314,  1.0028,  0.2154]]],
       grad_fn=<NativeLayerNormBackward0>)
batched:  False True
self_attn
sa block, after sa_block (not norm_first):  tensor([[[-0.3871, -0.5607, -1.4267,  ...,  2.0416, -1.7438,  0.3487]],

        [[-0.3534, -0.6705, -1.4499,  ...,  2.0319, -1.7162,  0.3310]],

        [[-0.4108, -0.5120, -1.3861,  ...,  1.9445, -1.7152,  0.3511]],

        ...,

        [[-0.1918, -0.6377, -1.2390,  ...,  1.2632, -1.4046,  0.3377]],

        [[-0.1918, -0.6377, -1.2390,  ...,  1.2632, -1.4046,  0.3377]],

        [[-0.1918, -0.6377, -1.2390,  ...,  1.2632, -1.4046,  0.3377]]],
       grad_fn=<ViewBackward0>)
x + sa_block, after norm1 (not norm_first):  tensor([[[ 0.0839, -1.5405, -0.9755,  ...,  0.2783, -1.3111,  0.1550]],

        [[-0.0797, -1.5583, -0.9789,  ...,  0.4540, -1.0476,  0.2071]],

        [[ 0.1619, -1.0316, -1.2211,  ...,  0.1398, -0.9844,  0.4539]],

        ...,

        [[-0.2504, -0.8725, -0.9710,  ...,  0.4280, -0.2165,  0.3388]],

        [[-0.2504, -0.8725, -0.9710,  ...,  0.4280, -0.2165,  0.3388]],

        [[-0.2504, -0.8725, -0.9710,  ...,  0.4280, -0.2165,  0.3388]]],
       grad_fn=<NativeLayerNormBackward0>)
before linear 2
after linear 2
after norm2 (not norm_first):  tensor([[[-1.1026, -0.6802, -1.5103,  ...,  0.0822, -1.3350,  0.1759]],

        [[-1.1170, -0.6314, -1.4956,  ...,  0.1854, -1.2267,  0.1921]],

        [[-1.0508, -0.4113, -1.6011,  ...,  0.0599, -1.2421,  0.2693]],

        ...,

        [[-1.1633, -0.4328, -1.4807,  ...,  0.1573, -1.0580,  0.2990]],

        [[-1.1633, -0.4328, -1.4807,  ...,  0.1573, -1.0580,  0.2990]],

        [[-1.1633, -0.4328, -1.4807,  ...,  0.1573, -1.0580,  0.2990]]],
       grad_fn=<NativeLayerNormBackward0>)
after layer: 1 tensor([[[-1.1026, -0.6802, -1.5103,  ...,  0.0822, -1.3350,  0.1759]],

        [[-1.1170, -0.6314, -1.4956,  ...,  0.1854, -1.2267,  0.1921]],

        [[-1.0508, -0.4113, -1.6011,  ...,  0.0599, -1.2421,  0.2693]],

        ...,

        [[-1.1633, -0.4328, -1.4807,  ...,  0.1573, -1.0580,  0.2990]],

        [[-1.1633, -0.4328, -1.4807,  ...,  0.1573, -1.0580,  0.2990]],

        [[-1.1633, -0.4328, -1.4807,  ...,  0.1573, -1.0580,  0.2990]]],
       grad_fn=<NativeLayerNormBackward0>)
after attn encoder
tensor([[[-1.1026, -0.6802, -1.5103,  ...,  0.0822, -1.3350,  0.1759]],

        [[-1.1170, -0.6314, -1.4956,  ...,  0.1854, -1.2267,  0.1921]],

        [[-1.0508, -0.4113, -1.6011,  ...,  0.0599, -1.2421,  0.2693]],

        ...,

        [[-1.1633, -0.4328, -1.4807,  ...,  0.1573, -1.0580,  0.2990]],

        [[-1.1633, -0.4328, -1.4807,  ...,  0.1573, -1.0580,  0.2990]],

        [[-1.1633, -0.4328, -1.4807,  ...,  0.1573, -1.0580,  0.2990]]],
       grad_fn=<NativeLayerNormBackward0>)
after permute
tensor([[[-1.1026, -1.1170, -1.0508,  ..., -1.1633, -1.1633, -1.1633],
         [-0.6802, -0.6314, -0.4113,  ..., -0.4328, -0.4328, -0.4328],
         [-1.5103, -1.4956, -1.6011,  ..., -1.4807, -1.4807, -1.4807],
         ...,
         [ 0.0822,  0.1854,  0.0599,  ...,  0.1573,  0.1573,  0.1573],
         [-1.3350, -1.2267, -1.2421,  ..., -1.0580, -1.0580, -1.0580],
         [ 0.1759,  0.1921,  0.2693,  ...,  0.2990,  0.2990,  0.2990]]],
       grad_fn=<PermuteBackward0>)
after out
tensor([[-9.6457, -9.5905, -9.6480, -9.6480, -9.8029, -9.7246, -9.8058, -9.8058,
         -9.7747, -3.9588, -0.8543, -0.8543,  0.9608,  1.2603,  1.4254,  1.4254,
          3.5107, -9.6312, -9.7911, -9.7911, -9.4713, -9.3269, -9.5253, -9.5253,
         -9.0594, -9.1024, -9.4778, -9.4778, -9.5652, -9.7215, -9.7385, -9.7385,
         -9.5731, -9.5940, -9.6609, -9.6609, -9.8508, -9.8221, -9.8683, -9.8683,
         -9.8693, -9.9136, -9.8867, -9.9258, -9.4138, -9.7664, -9.7664, -9.7664]],
       grad_fn=<SqueezeBackward1>)
[0.         0.         0.         0.         0.         0.
 0.         0.         0.         0.67308891 0.9181205  0.9181205
 1.10084546 1.13431489 1.15319681 1.15319681 1.42058337 0.
 0.         0.         0.         0.         0.         0.
 0.         0.         0.         0.         0.         0.
 0.         0.         0.         0.         0.         0.
 0.         0.         0.         0.         0.         0.
 0.         0.         0.         0.         0.         0.        ]
